[2025-02-20T15:37:37.582Z] El texto en el div contiene 'hola'.
[2025-02-20T15:37:37.583Z] Prueba finalizada.
[2025-02-20T15:39:34.864Z] ===== Iniciando nueva ejecución de prueba =====
[2025-02-20T15:39:34.865Z] Cargando la página...
[2025-02-20T15:39:37.879Z] Esperando 3 segundos...
[2025-02-20T15:39:38.783Z] ✔ Se hizo clic en el botón de login.
[2025-02-20T15:39:41.800Z] Esperando 3 segundos antes de ingresar el usuario...
[2025-02-20T15:39:42.570Z] ✔ Se escribió el usuario.
[2025-02-20T15:39:45.580Z] Esperando 3 segundos antes de ingresar la contraseña...
[2025-02-20T15:39:45.630Z] ⚠️ Intento 1: Error al escribir la contraseña: [object Object]
[2025-02-20T15:39:47.156Z] ✔ Se escribió la contraseña correctamente.
[2025-02-20T15:39:50.179Z] Esperando 3 segundos antes de hacer clic en el botón de enviar...
[2025-02-20T15:39:50.939Z] ❌ Error al hacer clic en el botón de submit: [object Object]
[2025-02-20T15:39:53.943Z] Esperando 3 segundos para verificar el login...
[2025-02-20T15:39:56.956Z] Esperando 3 segundos para verificar el mensaje en pantalla...
[2025-02-20T15:39:57.052Z] ✔ El texto en el div contiene 'hola'.
[2025-02-20T15:39:57.053Z] Prueba completada exitosamente.
[2025-02-20T15:39:57.053Z] ===== Prueba finalizada =====

[2025-02-20T15:41:12.189Z] ===== Iniciando nueva ejecución de prueba =====
[2025-02-20T15:41:12.191Z] Cargando la página...
[2025-02-20T15:41:15.246Z] Esperando 3 segundos...
[2025-02-20T15:41:15.828Z] ✔ Se hizo clic en el botón de login.
[2025-02-20T15:41:18.838Z] Esperando 3 segundos antes de ingresar el usuario...
[2025-02-20T15:41:19.676Z] ✔ Se escribió el usuario.
[2025-02-20T15:41:22.686Z] Esperando 3 segundos antes de ingresar la contraseña...
[2025-02-20T15:41:22.729Z] ⚠️ Intento 1: Error al escribir la contraseña: [object Object]
[2025-02-20T15:41:24.310Z] ✔ Se escribió la contraseña correctamente.
[2025-02-20T15:41:27.320Z] Esperando 3 segundos antes de hacer clic en el botón de enviar...
[2025-02-20T15:41:29.226Z] ❌ Error al hacer clic en el botón de submit: [object Object]
[2025-02-20T15:41:32.250Z] Esperando 3 segundos para verificar el login...
[2025-02-20T15:41:35.265Z] Esperando 3 segundos para verificar el mensaje en pantalla...
[2025-02-20T15:41:35.337Z] ✔ El texto en el div contiene 'hola'.
[2025-02-20T15:41:35.338Z] Prueba completada exitosamente.
[2025-02-20T15:41:35.339Z] ===== Prueba finalizada =====

[2025-02-20T15:54:29.300Z] ===== Iniciando nueva ejecución de prueba =====
[2025-02-20T15:54:29.303Z] Cargando la página...
[2025-02-20T15:54:32.389Z] Esperando 3 segundos...
[2025-02-20T15:54:32.967Z] ✔ Se hizo clic en el botón de login.
[2025-02-20T15:54:35.975Z] Esperando 3 segundos antes de ingresar el usuario...
[2025-02-20T15:54:36.731Z] ✔ Se escribió el usuario.
[2025-02-20T15:54:39.740Z] Esperando 3 segundos antes de ingresar la contraseña...
[2025-02-20T15:54:39.785Z] ⚠️ Intento 1: Error al escribir la contraseña: [object Object]
[2025-02-20T15:54:41.259Z] ✔ Se escribió la contraseña correctamente.
[2025-02-20T15:54:44.264Z] Esperando 3 segundos antes de hacer clic en el botón de enviar...
[2025-02-20T15:54:46.094Z] ❌ Error al hacer clic en el botón de submit: [object Object]
[2025-02-20T15:54:49.099Z] Esperando 3 segundos para verificar el login...
[2025-02-20T15:54:52.111Z] Esperando 3 segundos para verificar el mensaje en pantalla...
[2025-02-20T15:54:52.162Z] ✔ El texto en el div contiene 'hola'.
[2025-02-20T15:54:52.162Z] Prueba completada exitosamente.
[2025-02-20T15:54:52.163Z] ===== Prueba finalizada =====

[2025-02-20T16:02:12.700Z] ===== Iniciando nueva ejecución de prueba =====
[2025-02-20T16:02:12.701Z] Cargando la página...
[2025-02-20T16:02:15.746Z] Esperando 3 segundos...
[2025-02-20T16:02:16.176Z] ❌ Error al hacer clic en login: [object Object]
[2025-02-20T16:02:19.186Z] Esperando 3 segundos antes de ingresar el usuario...
[2025-02-20T16:02:29.785Z] ❌ Error al escribir en el campo de usuario: [object Object]
[2025-02-20T16:02:32.802Z] Esperando 3 segundos antes de ingresar la contraseña...
[2025-02-20T16:02:43.377Z] ⚠️ Intento 1: Error al escribir la contraseña: [object Object]
[2025-02-20T16:02:54.936Z] ⚠️ Intento 2: Error al escribir la contraseña: [object Object]
[2025-02-20T16:03:06.496Z] ⚠️ Intento 3: Error al escribir la contraseña: [object Object]
[2025-02-20T16:03:10.520Z] Esperando 3 segundos antes de hacer clic en el botón de enviar...
[2025-02-20T16:03:21.170Z] ❌ Error al hacer clic en el botón de submit: [object Object]
[2025-02-20T16:03:24.182Z] Esperando 3 segundos para verificar el login...
[2025-02-20T16:03:27.193Z] Esperando 3 segundos para verificar el mensaje en pantalla...
[2025-02-20T16:03:37.889Z] ❌ Error al comprobar el texto del div: [object Object]
[2025-02-20T16:03:37.891Z] Prueba completada exitosamente.
[2025-02-20T16:03:37.892Z] ===== Prueba finalizada =====

[2025-02-20T16:04:35.126Z] ===== Iniciando nueva ejecución de prueba =====
[2025-02-20T16:04:35.129Z] Cargando la página...
[2025-02-20T16:04:38.258Z] Esperando 3 segundos...
[2025-02-20T16:04:38.928Z] ✔ Se hizo clic en el botón de login.
[2025-02-20T16:04:41.947Z] Esperando 3 segundos antes de ingresar el usuario...
[2025-02-20T16:04:42.710Z] ✔ Se escribió el usuario.
[2025-02-20T16:04:45.726Z] Esperando 3 segundos antes de ingresar la contraseña...
[2025-02-20T16:04:45.775Z] ⚠️ Intento 1: Error al escribir la contraseña: [object Object]
[2025-02-20T16:04:47.308Z] ✔ Se escribió la contraseña correctamente.
[2025-02-20T16:04:50.316Z] Esperando 3 segundos antes de hacer clic en el botón de enviar...
[2025-02-20T16:04:51.808Z] ❌ Error al hacer clic en el botón de submit: [object Object]
[2025-02-20T16:04:54.815Z] Esperando 3 segundos para verificar el login...
[2025-02-20T16:04:57.825Z] Esperando 3 segundos para verificar el mensaje en pantalla...
[2025-02-20T16:04:57.877Z] ✔ El texto en el div contiene 'hola'.
[2025-02-20T16:04:57.878Z] Prueba completada exitosamente.
[2025-02-20T16:04:57.879Z] ===== Prueba finalizada =====

[2025-02-20T16:05:07.512Z] ===== Iniciando nueva ejecución de prueba =====
[2025-02-20T16:05:07.514Z] Cargando la página...
[2025-02-20T16:05:10.588Z] Esperando 3 segundos...
[2025-02-20T16:05:11.304Z] ❌ Error al hacer clic en login: [object Object]
[2025-02-20T16:05:14.316Z] Esperando 3 segundos antes de ingresar el usuario...
[2025-02-20T16:05:24.933Z] ❌ Error al escribir en el campo de usuario: [object Object]
[2025-02-20T16:05:27.952Z] Esperando 3 segundos antes de ingresar la contraseña...
[2025-02-20T16:05:38.603Z] ⚠️ Intento 1: Error al escribir la contraseña: [object Object]
[2025-02-20T16:05:50.222Z] ⚠️ Intento 2: Error al escribir la contraseña: [object Object]
[2025-02-20T16:06:01.868Z] ⚠️ Intento 3: Error al escribir la contraseña: [object Object]
[2025-02-20T16:06:05.886Z] Esperando 3 segundos antes de hacer clic en el botón de enviar...
[2025-02-20T16:06:16.531Z] ❌ Error al hacer clic en el botón de submit: [object Object]
[2025-02-20T16:06:19.541Z] Esperando 3 segundos para verificar el login...
[2025-02-20T16:06:22.551Z] Esperando 3 segundos para verificar el mensaje en pantalla...
[2025-02-20T16:06:33.134Z] ❌ Error al comprobar el texto del div: [object Object]
[2025-02-20T16:06:33.134Z] Prueba completada exitosamente.
[2025-02-20T16:06:33.136Z] ===== Prueba finalizada =====

[2025-02-20T16:09:02.670Z] ===== Iniciando nueva ejecución de prueba =====
[2025-02-20T16:09:02.672Z] Cargando la página...
[2025-02-20T16:09:05.736Z] Esperando 3 segundos...
[2025-02-20T16:09:06.338Z] ✔ Se hizo clic en el botón de login.
[2025-02-20T16:09:09.350Z] Esperando 3 segundos antes de ingresar el usuario...
[2025-02-20T16:09:10.174Z] ✔ Se escribió el usuario.
[2025-02-20T16:09:13.177Z] Esperando 3 segundos antes de ingresar la contraseña...
[2025-02-20T16:09:13.234Z] ⚠️ Intento 1: Error al escribir la contraseña: [object Object]
[2025-02-20T16:09:14.710Z] ✔ Se escribió la contraseña correctamente.
[2025-02-20T16:09:17.724Z] Esperando 3 segundos antes de hacer clic en el botón de enviar...
[2025-02-20T16:09:19.286Z] ❌ Error al hacer clic en el botón de submit: [object Object]
[2025-02-20T16:09:22.293Z] Esperando 3 segundos para verificar el login...
[2025-02-20T16:09:25.299Z] Esperando 3 segundos para verificar el mensaje en pantalla...
[2025-02-20T16:09:25.352Z] ✔ El texto en el div contiene 'hola'.
[2025-02-20T16:09:25.353Z] Prueba completada exitosamente.
[2025-02-20T16:09:25.353Z] ===== Prueba finalizada =====

[2025-02-20T16:12:48.543Z] ===== Iniciando nueva ejecución de prueba =====
[2025-02-20T16:12:48.545Z] Cargando la página...
[2025-02-20T16:12:51.616Z] Esperando 3 segundos...
[2025-02-20T16:12:52.547Z] ✔ Se hizo clic en el botón de login.
[2025-02-20T16:12:55.557Z] Esperando 3 segundos antes de ingresar el usuario...
[2025-02-20T16:12:56.300Z] ✔ Se escribió el usuario.
[2025-02-20T16:12:59.308Z] Esperando 3 segundos antes de ingresar la contraseña...
[2025-02-20T16:12:59.366Z] ⚠️ Intento 1: Error al escribir la contraseña: [object Object]
[2025-02-20T16:13:00.844Z] ✔ Se escribió la contraseña correctamente.
[2025-02-20T16:13:03.854Z] Esperando 3 segundos antes de hacer clic en el botón de enviar...
[2025-02-20T16:13:06.269Z] ❌ Error al hacer clic en el botón de submit: [object Object]
[2025-02-20T16:13:09.280Z] Esperando 3 segundos para verificar el login...
[2025-02-20T16:13:12.297Z] Esperando 3 segundos para verificar el mensaje en pantalla...
[2025-02-20T16:13:12.368Z] ✔ El texto en el div contiene 'hola'.
[2025-02-20T16:13:12.369Z] Prueba completada exitosamente.
[2025-02-20T16:13:12.371Z] ===== Prueba finalizada =====

[2025-02-20T16:14:25.021Z] ===== Iniciando nueva ejecución de prueba =====
[2025-02-20T16:14:25.023Z] Cargando la página...
[2025-02-20T16:14:28.094Z] Esperando 3 segundos...
[2025-02-20T16:14:37.520Z] ✔ Se hizo clic en el botón de login.
[2025-02-20T16:14:40.537Z] Esperando 3 segundos antes de ingresar el usuario...
[2025-02-20T16:14:47.454Z] ✔ Se escribió el usuario.
[2025-02-20T16:14:50.462Z] Esperando 3 segundos antes de ingresar la contraseña...
[2025-02-20T16:14:50.518Z] ⚠️ Intento 1: Error al escribir la contraseña: [object Object]
[2025-02-20T16:14:52.064Z] ✔ Se escribió la contraseña correctamente.
[2025-02-20T16:14:55.073Z] Esperando 3 segundos antes de hacer clic en el botón de enviar...
[2025-02-20T16:14:58.755Z] ❌ Error al hacer clic en el botón de submit: [object Object]
[2025-02-20T16:15:01.761Z] Esperando 3 segundos para verificar el login...
[2025-02-20T16:15:04.776Z] Esperando 3 segundos para verificar el mensaje en pantalla...
[2025-02-20T16:15:05.528Z] ✔ El texto en el div contiene 'hola'.
[2025-02-20T16:15:05.528Z] Prueba completada exitosamente.
[2025-02-20T16:15:05.530Z] ===== Prueba finalizada =====

[2025-02-20T16:15:56.629Z] ===== Iniciando nueva ejecución de prueba =====
[2025-02-20T16:15:56.631Z] Cargando la página...
[2025-02-20T16:15:59.712Z] Esperando 3 segundos...
[2025-02-20T16:15:59.997Z] ❌ Error al hacer clic en login: [object Object]
[2025-02-20T16:16:03.002Z] Esperando 3 segundos antes de ingresar el usuario...
[2025-02-20T16:16:13.601Z] ❌ Error al escribir en el campo de usuario: [object Object]
[2025-02-20T16:16:16.607Z] Esperando 3 segundos antes de ingresar la contraseña...
[2025-02-20T16:16:27.197Z] ⚠️ Intento 1: Error al escribir la contraseña: [object Object]
[2025-02-20T16:16:38.784Z] ⚠️ Intento 2: Error al escribir la contraseña: [object Object]
[2025-02-20T16:16:50.425Z] ⚠️ Intento 3: Error al escribir la contraseña: [object Object]
[2025-02-20T16:16:54.441Z] Esperando 3 segundos antes de hacer clic en el botón de enviar...
[2025-02-20T16:17:05.042Z] ❌ Error al hacer clic en el botón de submit: [object Object]
[2025-02-20T16:17:08.047Z] Esperando 3 segundos para verificar el login...
[2025-02-20T16:17:11.055Z] Esperando 3 segundos para verificar el mensaje en pantalla...
[2025-02-20T16:17:21.803Z] ❌ Error al comprobar el texto del div: [object Object]
[2025-02-20T16:17:21.804Z] Prueba completada exitosamente.
[2025-02-20T16:17:21.805Z] ===== Prueba finalizada =====

